==== MATLAB CDM 3PB solver: vectorized sequential secant update ====
  mesh: 7343 nodes, 14313 CPS3 elements, 14686 DOFs
  step    u(mm)   load(kN)    CMOD(mm)   dmax    iter
     1   0.0001      0.010     0.00002   0.000     2
     2   0.0001      0.020     0.00005   0.000     2
     3   0.0002      0.029     0.00007   0.000     2
   100   0.0050      0.977     0.00233   0.240     2
   200   0.0100      1.930     0.00481   0.767     2
   300   0.0150      2.815     0.00765   0.896     2
   400   0.0200      3.580     0.01097   0.948     2
   500   0.0250      4.141     0.01453   0.973     2
   600   0.0300      4.473     0.01773   0.983     2
   700   0.0350      4.629     0.02052   0.988     2
   800   0.0400      4.687     0.02278   0.992     2
   900   0.0450      4.666     0.02359   0.993     2
  1000   0.0500      4.540     0.02296   0.993     2
  1100   0.0550      4.335     0.02192   0.993     2
  1200   0.0600      4.100     0.02072   0.994     2
  1300   0.0650      3.858     0.01949   0.996     2
  1400   0.0700      3.620     0.01829   0.997     2
  1500   0.0750      3.395     0.01715   0.997     2
  1600   0.0800      3.186     0.01609   0.998     2
  1700   0.0850      2.991     0.01511   0.998     2
  1800   0.0900      2.812     0.01420   0.998     2
  1900   0.0950      2.646     0.01336   0.999     2
  2000   0.1000      2.492     0.01258   0.999     2
  wrote C:\Users\jmavani\Documents\FRACMATH_energy_driver_20261006\runs\mazars\matlab_load_cmod.csv
  wrote C:\Users\jmavani\Documents\FRACMATH_energy_driver_20261006\runs\mazars\matlab_oliver_bandwidth_history.csv
  wrote C:\Users\jmavani\Documents\FRACMATH_energy_driver_20261006\runs\mazars\matlab_step_diagnostics.csv
  wrote C:\Users\jmavani\Documents\FRACMATH_energy_driver_20261006\runs\mazars\matlab_timing.txt

==== summary ====
  peak load : 4689.41 N at CMOD = 0.0232 mm
  wall-clock: 131.0 s  (asm 26.0, dam 3.0, solve 11.9)
  allocated memory delta: 119.6 MB
  output -> C:\Users\jmavani\Documents\FRACMATH_energy_driver_20261006\runs\mazars/
