 Abaqus/Standard 2024                  DATE 05-Oct-2026 TIME 18:27:59
 SUMMARY OF JOB INFORMATION:
 STEP  INC ATT SEVERE EQUIL TOTAL  TOTAL      STEP       INC OF       DOF    IF
               DISCON ITERS ITERS  TIME/    TIME/LPF    TIME/LPF    MONITOR RIKS
               ITERS               FREQ
   1     1   1     0     1     1  0.000500   0.000500   0.0005000 
   1     2   1     0     1     1  0.00100    0.00100    0.0005000 
   1     3   1     0     1     1  0.00150    0.00150    0.0005000 
   1     4   1     0     1     1  0.00200    0.00200    0.0005000 
   1     5   1     0     1     1  0.00250    0.00250    0.0005000 
   1     6   1     0     1     1  0.00300    0.00300    0.0005000 
   1     7   1     0     1     1  0.00350    0.00350    0.0005000 
   1     8   1     0     1     1  0.00400    0.00400    0.0005000 
   1     9   1     0     1     1  0.00450    0.00450    0.0005000 
   1    10   1     0     1     1  0.00500    0.00500    0.0005000 
   1    11   1     0     1     1  0.00550    0.00550    0.0005000 
   1    12   1     0     1     1  0.00600    0.00600    0.0005000 
   1    13   1     0     1     1  0.00650    0.00650    0.0005000 
   1    14   1     0     1     1  0.00700    0.00700    0.0005000 
   1    15   1     0     1     1  0.00750    0.00750    0.0005000 
   1    16   1     0     1     1  0.00800    0.00800    0.0005000 
   1    17   1     0     1     1  0.00850    0.00850    0.0005000 
   1    18   1     0     1     1  0.00900    0.00900    0.0005000 
   1    19   1     0     1     1  0.00950    0.00950    0.0005000 
   1    20   1     0     1     1  0.0100     0.0100     0.0005000 
   1    21   1     0     1     1  0.0105     0.0105     0.0005000 
   1    22   1     0     1     1  0.0110     0.0110     0.0005000 
   1    23   1     0     1     1  0.0115     0.0115     0.0005000 
   1    24   1     0     1     1  0.0120     0.0120     0.0005000 
   1    25   1     0     1     1  0.0125     0.0125     0.0005000 
   1    26   1     0     1     1  0.0130     0.0130     0.0005000 
   1    27   1     0     1     1  0.0135     0.0135     0.0005000 
   1    28   1     0     1     1  0.0140     0.0140     0.0005000 
   1    29   1     0     1     1  0.0145     0.0145     0.0005000 
   1    30   1     0     1     1  0.0150     0.0150     0.0005000 
   1    31   1     0     1     1  0.0155     0.0155     0.0005000 
   1    32   1     0     1     1  0.0160     0.0160     0.0005000 
   1    33   1     0     1     1  0.0165     0.0165     0.0005000 
   1    34   1     0     1     1  0.0170     0.0170     0.0005000 
   1    35   1     0     1     1  0.0175     0.0175     0.0005000 
   1    36   1     0     1     1  0.0180     0.0180     0.0005000 
   1    37   1     0     1     1  0.0185     0.0185     0.0005000 
   1    38   1     0     1     1  0.0190     0.0190     0.0005000 
   1    39   1     0     1     1  0.0195     0.0195     0.0005000 
   1    40   1     0     1     1  0.0200     0.0200     0.0005000 
   1    41   1     0     1     1  0.0205     0.0205     0.0005000 
   1    42   1     0     1     1  0.0210     0.0210     0.0005000 
   1    43   1     0     1     1  0.0215     0.0215     0.0005000 
   1    44   1     0     1     1  0.0220     0.0220     0.0005000 
   1    45   1     0     1     1  0.0225     0.0225     0.0005000 
   1    46   1     0     1     1  0.0230     0.0230     0.0005000 
   1    47   1     0     1     1  0.0235     0.0235     0.0005000 
   1    48   1     0     1     1  0.0240     0.0240     0.0005000 
   1    49   1     0     1     1  0.0245     0.0245     0.0005000 
   1    50   1     0     1     1  0.0250     0.0250     0.0005000 
   1    51   1     0     1     1  0.0255     0.0255     0.0005000 
   1    52   1     0     1     1  0.0260     0.0260     0.0005000 
   1    53   1     0     1     1  0.0265     0.0265     0.0005000 
   1    54   1     0     1     1  0.0270     0.0270     0.0005000 
   1    55   1     0     1     1  0.0275     0.0275     0.0005000 
   1    56   1     0     1     1  0.0280     0.0280     0.0005000 
   1    57   1     0     1     1  0.0285     0.0285     0.0005000 
   1    58   1     0     1     1  0.0290     0.0290     0.0005000 
   1    59   1     0     1     1  0.0295     0.0295     0.0005000 
   1    60   1     0     1     1  0.0300     0.0300     0.0005000 
   1    61   1     0     1     1  0.0305     0.0305     0.0005000 
   1    62   1     0     1     1  0.0310     0.0310     0.0005000 
   1    63   1     0     1     1  0.0315     0.0315     0.0005000 
   1    64   1     0     1     1  0.0320     0.0320     0.0005000 
   1    65   1     0     1     1  0.0325     0.0325     0.0005000 
   1    66   1     0     1     1  0.0330     0.0330     0.0005000 
   1    67   1     0     1     1  0.0335     0.0335     0.0005000 
   1    68   1     0     1     1  0.0340     0.0340     0.0005000 
   1    69   1     0     1     1  0.0345     0.0345     0.0005000 
   1    70   1     0     1     1  0.0350     0.0350     0.0005000 
   1    71   1     0     1     1  0.0355     0.0355     0.0005000 
   1    72   1     0     5     5  0.0360     0.0360     0.0005000 
   1    73   1     0     6     6  0.0365     0.0365     0.0005000 
   1    74   1     0     1     1  0.0370     0.0370     0.0005000 
   1    75   1     0     1     1  0.0375     0.0375     0.0005000 
   1    76   1     0     1     1  0.0380     0.0380     0.0005000 
   1    77   1     0     1     1  0.0385     0.0385     0.0005000 
   1    78   1     0     1     1  0.0390     0.0390     0.0005000 
   1    79   1     0     1     1  0.0395     0.0395     0.0005000 
   1    80   1     0     1     1  0.0400     0.0400     0.0005000 
   1    81   1     0     1     1  0.0405     0.0405     0.0005000 
   1    82   1     0     1     1  0.0410     0.0410     0.0005000 
   1    83   1     0     1     1  0.0415     0.0415     0.0005000 
   1    84   1     0     1     1  0.0420     0.0420     0.0005000 
   1    85   1     0     1     1  0.0425     0.0425     0.0005000 
   1    86   1     0     1     1  0.0430     0.0430     0.0005000 
   1    87   1     0     1     1  0.0435     0.0435     0.0005000 
   1    88   1     0     1     1  0.0440     0.0440     0.0005000 
   1    89   1     0     1     1  0.0445     0.0445     0.0005000 
   1    90   1     0     1     1  0.0450     0.0450     0.0005000 
   1    91   1     0     1     1  0.0455     0.0455     0.0005000 
   1    92   1     0     1     1  0.0460     0.0460     0.0005000 
   1    93   1     0     1     1  0.0465     0.0465     0.0005000 
   1    94   1     0     1     1  0.0470     0.0470     0.0005000 
   1    95   1     0     1     1  0.0475     0.0475     0.0005000 
   1    96   1     0     1     1  0.0480     0.0480     0.0005000 
   1    97   1     0     1     1  0.0485     0.0485     0.0005000 
   1    98   1     0     1     1  0.0490     0.0490     0.0005000 
   1    99   1     0     1     1  0.0495     0.0495     0.0005000 
   1   100   1     0     1     1  0.0500     0.0500     0.0005000 
   1   101   1     0     1     1  0.0505     0.0505     0.0005000 
   1   102   1     0     1     1  0.0510     0.0510     0.0005000 
   1   103   1     0     1     1  0.0515     0.0515     0.0005000 
   1   104   1     0     1     1  0.0520     0.0520     0.0005000 
   1   105   1     0     1     1  0.0525     0.0525     0.0005000 
   1   106   1     0     2     2  0.0530     0.0530     0.0005000 
   1   107   1     0     4     4  0.0535     0.0535     0.0005000 
   1   108   1     0     1     1  0.0540     0.0540     0.0005000 
   1   109   1     0     1     1  0.0545     0.0545     0.0005000 
   1   110   1     0     1     1  0.0550     0.0550     0.0005000 
   1   111   1     0     1     1  0.0555     0.0555     0.0005000 
   1   112   1     0     1     1  0.0560     0.0560     0.0005000 
   1   113   1     0     1     1  0.0565     0.0565     0.0005000 
   1   114   1     0    10    10  0.0570     0.0570     0.0005000 
   1   115   1     0     7     7  0.0575     0.0575     0.0005000 
   1   116   1     0    10    10  0.0580     0.0580     0.0005000 
   1   117   1     0     9     9  0.0585     0.0585     0.0005000 
   1   118   1     0     1     1  0.0590     0.0590     0.0005000 
   1   119   1     0     1     1  0.0595     0.0595     0.0005000 
   1   120   1     0     2     2  0.0600     0.0600     0.0005000 
   1   121   1     0     1     1  0.0605     0.0605     0.0005000 
   1   122   1     0     2     2  0.0610     0.0610     0.0005000 
   1   123   1     0     1     1  0.0615     0.0615     0.0005000 
   1   124   1     0     1     1  0.0620     0.0620     0.0005000 
   1   125   1     0     1     1  0.0625     0.0625     0.0005000 
   1   126   1     0     1     1  0.0630     0.0630     0.0005000 
   1   127   1     0     1     1  0.0635     0.0635     0.0005000 
   1   128   1     0     1     1  0.0640     0.0640     0.0005000 
   1   129   1     0     1     1  0.0645     0.0645     0.0005000 
   1   130   1     0     1     1  0.0650     0.0650     0.0005000 
   1   131   1     0     1     1  0.0655     0.0655     0.0005000 
   1   132   1     0     4     4  0.0660     0.0660     0.0005000 
   1   133   1     0     4     4  0.0665     0.0665     0.0005000 
   1   134   1     0     4     4  0.0670     0.0670     0.0005000 
   1   135   1     0     7     7  0.0675     0.0675     0.0005000 
   1   136   1     0    10    10  0.0680     0.0680     0.0005000 
   1   137   1     0    10    10  0.0685     0.0685     0.0005000 
   1   138   1     0     8     8  0.0690     0.0690     0.0005000 
   1   139   1     0     1     1  0.0695     0.0695     0.0005000 
   1   140   1     0     1     1  0.0700     0.0700     0.0005000 
   1   141   1     0     2     2  0.0705     0.0705     0.0005000 
   1   142   1     0     1     1  0.0710     0.0710     0.0005000 
   1   143   1     0     1     1  0.0715     0.0715     0.0005000 
   1   144   1     0     1     1  0.0720     0.0720     0.0005000 
   1   145   1     0     1     1  0.0725     0.0725     0.0005000 
   1   146   1     0     5     5  0.0730     0.0730     0.0005000 
   1   147   1     0     9     9  0.0735     0.0735     0.0005000 
   1   148   1     0     9     9  0.0740     0.0740     0.0005000 
   1   149   1     0     7     7  0.0745     0.0745     0.0005000 
   1   150   1     0     1     1  0.0750     0.0750     0.0005000 
   1   151   1     0     1     1  0.0755     0.0755     0.0005000 
   1   152   1     0     1     1  0.0760     0.0760     0.0005000 
   1   153   1     0     1     1  0.0765     0.0765     0.0005000 
   1   154   1     0     2     2  0.0770     0.0770     0.0005000 
   1   155   1     0     1     1  0.0775     0.0775     0.0005000 
   1   156   1     0     1     1  0.0780     0.0780     0.0005000 
   1   157   1     0     9     9  0.0785     0.0785     0.0005000 
   1   158   1     0     5     5  0.0790     0.0790     0.0005000 
   1   159   1     0     3     3  0.0795     0.0795     0.0005000 
   1   160   1     0     2     2  0.0800     0.0800     0.0005000 
   1   161   1     0     1     1  0.0805     0.0805     0.0005000 
   1   162   1     0     1     1  0.0810     0.0810     0.0005000 
   1   163   1     0     1     1  0.0815     0.0815     0.0005000 
   1   164   1     0     1     1  0.0820     0.0820     0.0005000 
   1   165   1     0     1     1  0.0825     0.0825     0.0005000 
   1   166   1     0     1     1  0.0830     0.0830     0.0005000 
   1   167   1     0     3     3  0.0835     0.0835     0.0005000 
   1   168   1     0     8     8  0.0840     0.0840     0.0005000 
   1   169   1     0     6     6  0.0845     0.0845     0.0005000 
   1   170   1     0     5     5  0.0850     0.0850     0.0005000 
   1   171   1     0     2     2  0.0855     0.0855     0.0005000 
   1   172   1     0     1     1  0.0860     0.0860     0.0005000 
   1   173   1     0     1     1  0.0865     0.0865     0.0005000 
   1   174   1     0     1     1  0.0870     0.0870     0.0005000 
   1   175   1     0     1     1  0.0875     0.0875     0.0005000 
   1   176   1     0     1     1  0.0880     0.0880     0.0005000 
   1   177   1     0     1     1  0.0885     0.0885     0.0005000 
   1   178   1     0     3     3  0.0890     0.0890     0.0005000 
   1   179   1     0     5     5  0.0895     0.0895     0.0005000 
   1   180   1     0     4     4  0.0900     0.0900     0.0005000 
   1   181   1     0     1     1  0.0905     0.0905     0.0005000 
   1   182   1     0     1     1  0.0910     0.0910     0.0005000 
   1   183   1     0     1     1  0.0915     0.0915     0.0005000 
   1   184   1     0     1     1  0.0920     0.0920     0.0005000 
   1   185   1     0     1     1  0.0925     0.0925     0.0005000 
   1   186   1     0     1     1  0.0930     0.0930     0.0005000 
   1   187   1     0     1     1  0.0935     0.0935     0.0005000 
   1   188   1     0     7     7  0.0940     0.0940     0.0005000 
   1   189   1     0     5     5  0.0945     0.0945     0.0005000 
   1   190   1     0     4     4  0.0950     0.0950     0.0005000 
   1   191   1     0     1     1  0.0955     0.0955     0.0005000 
   1   192   1     0     1     1  0.0960     0.0960     0.0005000 
   1   193   1     0     1     1  0.0965     0.0965     0.0005000 
   1   194   1     0     2     2  0.0970     0.0970     0.0005000 
   1   195   1     0     1     1  0.0975     0.0975     0.0005000 
   1   196   1     0     2     2  0.0980     0.0980     0.0005000 
   1   197   1     0     2     2  0.0985     0.0985     0.0005000 
   1   198   1     0     6     6  0.0990     0.0990     0.0005000 
   1   199   1     0     5     5  0.0995     0.0995     0.0005000 
   1   200   1     0     2     2  0.100      0.100      0.0005000 
   1   201   1     0     1     1  0.101      0.101      0.0005000 
   1   202   1     0     1     1  0.101      0.101      0.0005000 
   1   203   1     0     1     1  0.102      0.102      0.0005000 
   1   204   1     0     1     1  0.102      0.102      0.0005000 
   1   205   1     0     1     1  0.103      0.103      0.0005000 
   1   206   1     0     1     1  0.103      0.103      0.0005000 
   1   207   1     0     5     5  0.104      0.104      0.0005000 
   1   208   1     0     4     4  0.104      0.104      0.0005000 
   1   209   1     0     2     2  0.105      0.105      0.0005000 
   1   210   1     0     1     1  0.105      0.105      0.0005000 
   1   211   1     0     3     3  0.106      0.106      0.0005000 
   1   212   1     0     4     4  0.106      0.106      0.0005000 
   1   213   1     0     6     6  0.107      0.107      0.0005000 
   1   214   1     0     1     1  0.107      0.107      0.0005000 
   1   215   1     0     1     1  0.108      0.108      0.0005000 
   1   216   1     0     5     5  0.108      0.108      0.0005000 
   1   217   1     0     7     7  0.109      0.109      0.0005000 
   1   218   1     0     5     5  0.109      0.109      0.0005000 
   1   219   1     0     3     3  0.110      0.110      0.0005000 
   1   220   1     0     2     2  0.110      0.110      0.0005000 
   1   221   1     0     1     1  0.111      0.111      0.0005000 
   1   222   1     0     1     1  0.111      0.111      0.0005000 
   1   223   1     0     1     1  0.112      0.112      0.0005000 
   1   224   1     0     1     1  0.112      0.112      0.0005000 
   1   225   1     0     5     5  0.113      0.113      0.0005000 
   1   226   1     0     7     7  0.113      0.113      0.0005000 
   1   227   1     0     7     7  0.114      0.114      0.0005000 
   1   228   1     0     3     3  0.114      0.114      0.0005000 
   1   229   1     0     2     2  0.115      0.115      0.0005000 
   1   230   1     0     1     1  0.115      0.115      0.0005000 
   1   231   1     0     1     1  0.116      0.116      0.0005000 
   1   232   1     0     1     1  0.116      0.116      0.0005000 
   1   233   1     0     1     1  0.117      0.117      0.0005000 
   1   234   1     0     5     5  0.117      0.117      0.0005000 
   1   235   1     0     6     6  0.118      0.118      0.0005000 
   1   236   1     0     3     3  0.118      0.118      0.0005000 
   1   237   1     0     4     4  0.119      0.119      0.0005000 
   1   238   1     0     5     5  0.119      0.119      0.0005000 
   1   239   1     0     5     5  0.120      0.120      0.0005000 
   1   240   1     0     2     2  0.120      0.120      0.0005000 
   1   241   1     0     5     5  0.121      0.121      0.0005000 
   1   242   1     0     4     4  0.121      0.121      0.0005000 
   1   243   1     0     5     5  0.122      0.122      0.0005000 
   1   244   1     0     3     3  0.122      0.122      0.0005000 
   1   245   1     0     6     6  0.123      0.123      0.0005000 
   1   246   1     0     2     2  0.123      0.123      0.0005000 
   1   247   1     0     2     2  0.124      0.124      0.0005000 
   1   248   1     0     1     1  0.124      0.124      0.0005000 
   1   249   1     0     1     1  0.125      0.125      0.0005000 
   1   250   1     0     1     1  0.125      0.125      0.0005000 
   1   251   1     0     3     3  0.126      0.126      0.0005000 
   1   252   1     0     6     6  0.126      0.126      0.0005000 
   1   253   1     0     4     4  0.127      0.127      0.0005000 
   1   254   1     0     3     3  0.127      0.127      0.0005000 
   1   255   1     0     4     4  0.128      0.128      0.0005000 
   1   256   1     0     5     5  0.128      0.128      0.0005000 
   1   257   1     0     5     5  0.129      0.129      0.0005000 
   1   258   1     0     2     2  0.129      0.129      0.0005000 
   1   259   1     0     2     2  0.130      0.130      0.0005000 
   1   260   1     0     5     5  0.130      0.130      0.0005000 
   1   261   1     0     3     3  0.131      0.131      0.0005000 
   1   262   1     0     6     6  0.131      0.131      0.0005000 
   1   263   1     0     4     4  0.132      0.132      0.0005000 
   1   264   1     0     2     2  0.132      0.132      0.0005000 
   1   265   1     0     2     2  0.133      0.133      0.0005000 
   1   266   1     0     4     4  0.133      0.133      0.0005000 
   1   267   1     0     3     3  0.134      0.134      0.0005000 
   1   268   1     0     4     4  0.134      0.134      0.0005000 
   1   269   1     0     5     5  0.135      0.135      0.0005000 
   1   270   1     0     4     4  0.135      0.135      0.0005000 
   1   271   1     0     3     3  0.136      0.136      0.0005000 
   1   272   1     0     5     5  0.136      0.136      0.0005000 
   1   273   1     0     5     5  0.137      0.137      0.0005000 
   1   274   1     0     2     2  0.137      0.137      0.0005000 
   1   275   1     0     1     1  0.138      0.138      0.0005000 
   1   276   1     0     4     4  0.138      0.138      0.0005000 
   1   277   1     0     5     5  0.139      0.139      0.0005000 
   1   278   1     0     6     6  0.139      0.139      0.0005000 
   1   279   1     0     5     5  0.140      0.140      0.0005000 
   1   280   1     0     3     3  0.140      0.140      0.0005000 
   1   281   1     0     5     5  0.141      0.141      0.0005000 
   1   282   1     0     5     5  0.141      0.141      0.0005000 
                          
 THE ANALYSIS HAS NOT BEEN COMPLETED
