==== MATLAB CDM 3PB solver: vectorized sequential secant update ====
  mesh: 7343 nodes, 14313 CPS3 elements, 14686 DOFs
  step    u(mm)   load(kN)    CMOD(mm)   dmax    iter
     1   0.0001      0.010     0.00002   0.000     2
     2   0.0001      0.020     0.00005   0.000     2
     3   0.0002      0.029     0.00007   0.000     2
   100   0.0050      0.975     0.00234   0.426     2
   200   0.0100      1.901     0.00499   0.845     2
   300   0.0150      2.717     0.00828   0.933     2
   400   0.0200      3.389     0.01236   0.977     2
   500   0.0250      3.872     0.01740   0.992     2
   600   0.0300      4.093     0.02375   0.996     2
   700   0.0350      4.038     0.03148   0.998     2
   800   0.0400      3.686     0.04075   0.999     2
   900   0.0450      3.137     0.05114   1.000     2
  1000   0.0500      2.655     0.06135   1.000     2
  1100   0.0550      2.254     0.07129   1.000     2
  1200   0.0600      1.918     0.08100   1.000     2
  1300   0.0650      1.624     0.09061   1.000     2
  1400   0.0700      1.380     0.10002   1.000     2
  1500   0.0750      1.184     0.10923   1.000     2
  1600   0.0800      1.028     0.11824   1.000     2
  1700   0.0850      0.903     0.12710   1.000     2
  1800   0.0900      0.800     0.13585   1.000     2
  1900   0.0950      0.714     0.14451   1.000     2
  2000   0.1000      0.639     0.15314   1.000     2
  wrote C:\Users\jmavani\Documents\FRACMATH_comparison_extension_20261005\coarse\matlab_area\matlab_load_cmod.csv
  wrote C:\Users\jmavani\Documents\FRACMATH_comparison_extension_20261005\coarse\matlab_area\matlab_oliver_bandwidth_history.csv
  wrote C:\Users\jmavani\Documents\FRACMATH_comparison_extension_20261005\coarse\matlab_area\matlab_step_diagnostics.csv
  wrote C:\Users\jmavani\Documents\FRACMATH_comparison_extension_20261005\coarse\matlab_area\matlab_timing.txt

==== summary ====
  peak load : 4113.12 N at CMOD = 0.0265 mm
  wall-clock: 134.0 s  (asm 26.8, dam 3.0, solve 12.0)
  allocated memory delta: 155.4 MB
  output -> C:\Users\jmavani\Documents\FRACMATH_comparison_extension_20261005\coarse\matlab_area/
