==== MATLAB CDM 3PB solver: vectorized sequential secant update ====
  mesh: 7319 nodes, 14268 CPS3 elements, 14638 DOFs
  step    u(mm)   load(kN)    CMOD(mm)   dmax    iter
     1   0.0000      0.002     0.00000   0.000     2
     2   0.0000      0.004     0.00001   0.000     2
     3   0.0000      0.006     0.00001   0.000     2
  1000   0.0100      1.813     0.00472   0.839     2
  2000   0.0200      3.260     0.01171   0.980     2
  3000   0.0300      3.988     0.02266   0.995     2
  4000   0.0400      3.723     0.03900   0.999     2
  5000   0.0500      3.013     0.05810   1.000     2
  6000   0.0600      2.274     0.07786   1.000     2
  7000   0.0700      1.699     0.09710   1.000     2
  8000   0.0800      1.302     0.11554   1.000     2
  9000   0.0900      1.011     0.13349   1.000     2
  10000   0.1000      0.803     0.15101   1.000     2
  11000   0.1100      0.649     0.16824   1.000     2
  12000   0.1200      0.534     0.18524   1.000     2
  13000   0.1300      0.446     0.20207   1.000     2
  14000   0.1400      0.378     0.21879   1.000     2
  15000   0.1500      0.323     0.23543   1.000     2
  16000   0.1600      0.279     0.25198   1.000     2
  17000   0.1700      0.244     0.26844   1.000     2
  18000   0.1800      0.216     0.28485   1.000     2
  19000   0.1900      0.192     0.30128   1.000     2
  20000   0.2000      0.171     0.31770   1.000     2
  wrote C:\Users\jmavani\Documents\FRACMATH_fixed_retry_20261005\baseline\reference_matlab_oliver\matlab_load_cmod.csv
  wrote C:\Users\jmavani\Documents\FRACMATH_fixed_retry_20261005\baseline\reference_matlab_oliver\matlab_oliver_bandwidth_history.csv
  wrote C:\Users\jmavani\Documents\FRACMATH_fixed_retry_20261005\baseline\reference_matlab_oliver\matlab_step_diagnostics.csv
  wrote C:\Users\jmavani\Documents\FRACMATH_fixed_retry_20261005\baseline\reference_matlab_oliver\matlab_timing.txt

==== summary ====
  peak load : 4012.53 N at CMOD = 0.0256 mm
  wall-clock: 1879.0 s  (asm 411.6, dam 46.6, solve 159.2)
  allocated memory delta: 109.6 MB
  output -> C:\Users\jmavani\Documents\FRACMATH_fixed_retry_20261005\baseline\reference_matlab_oliver/
