==== MATLAB CDM 3PB solver: vectorized sequential secant update ====
  mesh: 7343 nodes, 14313 CPS3 elements, 14686 DOFs
  step    u(mm)   load(kN)    CMOD(mm)   dmax    iter
     1   0.0001      0.010     0.00002   0.000     2
     2   0.0001      0.020     0.00005   0.000     2
     3   0.0002      0.029     0.00007   0.000     2
   100   0.0050      0.977     0.00233   0.240     2
   200   0.0100      1.930     0.00481   0.767     2
   300   0.0150      2.819     0.00763   0.895     2
   400   0.0200      3.590     0.01092   0.949     2
   500   0.0250      4.140     0.01458   0.975     2
   600   0.0300      4.479     0.01830   0.987     2
   700   0.0350      4.636     0.02225   0.993     2
   800   0.0400      4.681     0.02626   0.995     2
   900   0.0450      4.626     0.03240   0.997     2
  1000   0.0500      4.326     0.04170   0.999     2
  1100   0.0550      3.872     0.05227   0.999     2
  1200   0.0600      3.353     0.06348   1.000     2
  1300   0.0650      2.881     0.07454   1.000     2
  1400   0.0700      2.479     0.08520   1.000     2
  1500   0.0750      2.143     0.09550   1.000     2
  1600   0.0800      1.869     0.10538   1.000     2
  1700   0.0850      1.642     0.11498   1.000     2
  1800   0.0900      1.452     0.12434   1.000     2
  1900   0.0950      1.294     0.13349   1.000     2
  2000   0.1000      1.157     0.14249   1.000     2
  wrote C:\Users\jmavani\Documents\FRACMATH_equivalent_strain_20261006\runs\rankine\matlab_load_cmod.csv
  wrote C:\Users\jmavani\Documents\FRACMATH_equivalent_strain_20261006\runs\rankine\matlab_oliver_bandwidth_history.csv
  wrote C:\Users\jmavani\Documents\FRACMATH_equivalent_strain_20261006\runs\rankine\matlab_step_diagnostics.csv
  wrote C:\Users\jmavani\Documents\FRACMATH_equivalent_strain_20261006\runs\rankine\matlab_timing.txt

==== summary ====
  peak load : 4681.48 N at CMOD = 0.0264 mm
  wall-clock: 136.6 s  (asm 27.6, dam 2.9, solve 12.2)
  allocated memory delta: 104.0 MB
  output -> C:\Users\jmavani\Documents\FRACMATH_equivalent_strain_20261006\runs\rankine/
