==== MATLAB CDM 3PB solver: vectorized sequential secant update ====
  mesh: 7343 nodes, 14313 CPS3 elements, 14686 DOFs
  step    u(mm)   load(kN)    CMOD(mm)   dmax    iter
     1   0.0001      0.010     0.00002   0.000     2
     2   0.0001      0.020     0.00005   0.000     2
     3   0.0002      0.029     0.00007   0.000     2
   100   0.0050      0.964     0.00232   0.367     2
   200   0.0100      1.282     0.00327   0.972     2
   300   0.0150      0.990     0.00248   0.993     2
   400   0.0200      0.778     0.00194   0.997     2
   500   0.0250      0.622     0.00155   0.998     2
   600   0.0300      0.502     0.00125   0.999     2
   700   0.0350      0.408     0.00102   0.999     2
   800   0.0400      0.335     0.00083   1.000     2
   900   0.0450      0.276     0.00069   1.000     2
  1000   0.0500      0.229     0.00057   1.000     2
  1100   0.0550      0.190     0.00047   1.000     2
  1200   0.0600      0.159     0.00040   1.000     2
  1300   0.0650      0.133     0.00033   1.000     2
  1400   0.0700      0.112     0.00028   1.000     2
  1500   0.0750      0.095     0.00024   1.000     2
  1600   0.0800      0.080     0.00020   1.000     2
  1700   0.0850      0.068     0.00017   1.000     2
  1800   0.0900      0.058     0.00015   1.000     2
  1900   0.0950      0.050     0.00012   1.000     2
  2000   0.1000      0.043     0.00011   1.000     2
  wrote C:\Users\jmavani\Documents\FRACMATH_energy_driver_20261006\runs\elastic_energy\matlab_load_cmod.csv
  wrote C:\Users\jmavani\Documents\FRACMATH_energy_driver_20261006\runs\elastic_energy\matlab_oliver_bandwidth_history.csv
  wrote C:\Users\jmavani\Documents\FRACMATH_energy_driver_20261006\runs\elastic_energy\matlab_step_diagnostics.csv
  wrote C:\Users\jmavani\Documents\FRACMATH_energy_driver_20261006\runs\elastic_energy\matlab_timing.txt

==== summary ====
  peak load : 1345.94 N at CMOD = 0.0035 mm
  wall-clock: 134.6 s  (asm 27.4, dam 3.0, solve 11.9)
  allocated memory delta: 126.4 MB
  output -> C:\Users\jmavani\Documents\FRACMATH_energy_driver_20261006\runs\elastic_energy/
