{
  "mesh_spreads_percent": {
    "oliver": {
      "peak_load": 6.189371130345181,
      "dissipation": 6.863478038233135
    },
    "fixed": {
      "peak_load": 6.778692141415761,
      "dissipation": 18.20535006955138
    }
  },
  "increment_checks": [
    {
      "mesh": "coarse",
      "elements": 14313,
      "dofs": 14686,
      "steps": 4000,
      "peak_load_N": 3986.369,
      "peak_cmod_mm": 0.02454047,
      "dissipation_at_common_cmod_Nmm": 130.45117005075568,
      "external_work_at_common_cmod_Nmm": 171.72865792681776,
      "energy_balance_error_at_common_cmod_percent": 0.25031832268599535,
      "peak_post_damage_relative_residual": 0.003978452673,
      "max_post_damage_relative_residual": 0.006011155711,
      "wall_s": 261.05,
      "factorization_s": 178.64,
      "assembly_s": 51.2,
      "damage_s": 5.75,
      "solve_s": 24.3,
      "peak_process_working_set_MB": 1083.7,
      "peak_high_damage_elements": 29,
      "peak_high_damage_area_mm2": 19.105443641456077,
      "peak_high_damage_area_in_refined_zone_fraction": 1.0,
      "peak_high_damage_centroid_y_min_mm": 20.333208719889324,
      "peak_high_damage_centroid_y_max_mm": 36.85693613688151,
      "mesh_minimum_triangle_angle_deg": 11.309932474020227,
      "peak_high_damage_minimum_triangle_angle_deg": 44.180433297915826,
      "regularization": "fixed",
      "peak_change_percent": -0.9616956491277892,
      "dissipation_change_percent": -1.2688643262840695
    },
    {
      "mesh": "coarse",
      "elements": 14313,
      "dofs": 14686,
      "steps": 4000,
      "peak_load_N": 4156.569,
      "peak_cmod_mm": 0.02707504,
      "dissipation_at_common_cmod_Nmm": 138.68992499113313,
      "external_work_at_common_cmod_Nmm": 194.24117450408676,
      "energy_balance_error_at_common_cmod_percent": 0.2093715226074207,
      "peak_post_damage_relative_residual": 0.003510040477,
      "max_post_damage_relative_residual": 0.005995771612,
      "wall_s": 256.73,
      "factorization_s": 175.99,
      "assembly_s": 50.4,
      "damage_s": 5.6,
      "solve_s": 23.59,
      "peak_process_working_set_MB": 1141.6,
      "peak_high_damage_elements": 34,
      "peak_high_damage_area_mm2": 22.306794549775077,
      "peak_high_damage_area_in_refined_zone_fraction": 1.0,
      "peak_high_damage_centroid_y_min_mm": 20.333208719889324,
      "peak_high_damage_centroid_y_max_mm": 38.255471547444664,
      "mesh_minimum_triangle_angle_deg": 11.309932474020227,
      "peak_high_damage_minimum_triangle_angle_deg": 44.180433297915826,
      "regularization": "oliver",
      "peak_change_percent": -0.8858249410189105,
      "dissipation_change_percent": -0.9937758979538024
    },
    {
      "mesh": "medium",
      "elements": 25042,
      "dofs": 25534,
      "steps": 4000,
      "peak_load_N": 3738.026,
      "peak_cmod_mm": 0.02046271,
      "dissipation_at_common_cmod_Nmm": 114.26163185595837,
      "external_work_at_common_cmod_Nmm": 139.28903962636957,
      "energy_balance_error_at_common_cmod_percent": 0.35923982055634124,
      "peak_post_damage_relative_residual": 0.005147832914,
      "max_post_damage_relative_residual": 0.008372313278,
      "wall_s": 457.28,
      "factorization_s": 308.51,
      "assembly_s": 87.91,
      "damage_s": 11.61,
      "solve_s": 47.54,
      "peak_process_working_set_MB": 1209.3,
      "peak_high_damage_elements": 36,
      "peak_high_damage_area_mm2": 13.853289621809381,
      "peak_high_damage_area_in_refined_zone_fraction": 1.0,
      "peak_high_damage_centroid_y_min_mm": 20.300779342651367,
      "peak_high_damage_centroid_y_max_mm": 34.91602579752604,
      "mesh_minimum_triangle_angle_deg": 11.103753305138538,
      "peak_high_damage_minimum_triangle_angle_deg": 49.07546190623594,
      "regularization": "fixed",
      "peak_change_percent": -1.8479657095203177,
      "dissipation_change_percent": -2.5485140608016175
    },
    {
      "mesh": "medium",
      "elements": 25042,
      "dofs": 25534,
      "steps": 4000,
      "peak_load_N": 4147.42,
      "peak_cmod_mm": 0.02647941,
      "dissipation_at_common_cmod_Nmm": 138.7725801960265,
      "external_work_at_common_cmod_Nmm": 192.61565747177534,
      "energy_balance_error_at_common_cmod_percent": 0.22814109510782019,
      "peak_post_damage_relative_residual": 0.00363659684,
      "max_post_damage_relative_residual": 0.008323809943,
      "wall_s": 459.34,
      "factorization_s": 310.24,
      "assembly_s": 88.19,
      "damage_s": 11.45,
      "solve_s": 47.78,
      "peak_process_working_set_MB": 1217.3,
      "peak_high_damage_elements": 44,
      "peak_high_damage_area_mm2": 16.80453467615007,
      "peak_high_damage_area_in_refined_zone_fraction": 1.0,
      "peak_high_damage_centroid_y_min_mm": 20.300779342651367,
      "peak_high_damage_centroid_y_max_mm": 37.806602478027344,
      "mesh_minimum_triangle_angle_deg": 11.103753305138538,
      "peak_high_damage_minimum_triangle_angle_deg": 49.07546190623594,
      "regularization": "oliver",
      "peak_change_percent": -1.3700024423137243,
      "dissipation_change_percent": -1.5338409201775562
    },
    {
      "mesh": "fine",
      "elements": 56216,
      "dofs": 56954,
      "steps": 4000,
      "peak_load_N": 3680.287,
      "peak_cmod_mm": 0.0193979,
      "dissipation_at_common_cmod_Nmm": 106.17484766462282,
      "external_work_at_common_cmod_Nmm": 125.63060949578288,
      "energy_balance_error_at_common_cmod_percent": 0.4826364453219476,
      "peak_post_damage_relative_residual": 0.004977737752,
      "max_post_damage_relative_residual": 0.01116538572,
      "wall_s": 1202.61,
      "factorization_s": 837.09,
      "assembly_s": 201.21,
      "damage_s": 26.32,
      "solve_s": 133.56,
      "peak_process_working_set_MB": 1435.8,
      "peak_high_damage_elements": 60,
      "peak_high_damage_area_mm2": 11.562406278724666,
      "peak_high_damage_area_in_refined_zone_fraction": 1.0,
      "peak_high_damage_centroid_y_min_mm": 20.17746353149414,
      "peak_high_damage_centroid_y_max_mm": 33.12187957763672,
      "mesh_minimum_triangle_angle_deg": 11.309932474020227,
      "peak_high_damage_minimum_triangle_angle_deg": 37.49142909162878,
      "regularization": "fixed",
      "peak_change_percent": -2.199281592815615,
      "dissipation_change_percent": -3.7406338285953566
    },
    {
      "mesh": "fine",
      "elements": 56216,
      "dofs": 56954,
      "steps": 4000,
      "peak_load_N": 4400.708,
      "peak_cmod_mm": 0.03032729,
      "dissipation_at_common_cmod_Nmm": 147.81432851988427,
      "external_work_at_common_cmod_Nmm": 212.93121079175552,
      "energy_balance_error_at_common_cmod_percent": 0.22408661109780223,
      "peak_post_damage_relative_residual": 0.002905339626,
      "max_post_damage_relative_residual": 0.007241835717,
      "wall_s": 1195.26,
      "factorization_s": 832.44,
      "assembly_s": 199.92,
      "damage_s": 25.95,
      "solve_s": 132.53,
      "peak_process_working_set_MB": 1436.7,
      "peak_high_damage_elements": 130,
      "peak_high_damage_area_mm2": 25.221630665502744,
      "peak_high_damage_area_in_refined_zone_fraction": 1.0,
      "peak_high_damage_centroid_y_min_mm": 20.17746353149414,
      "peak_high_damage_centroid_y_max_mm": 37.87967300415039,
      "mesh_minimum_triangle_angle_deg": 11.309932474020227,
      "peak_high_damage_minimum_triangle_angle_deg": 40.59162083281679,
      "regularization": "oliver",
      "peak_change_percent": -1.307045162031123,
      "dissipation_change_percent": -1.4187290918745696
    }
  ]
}
