
FAST VECTORIZED MODIFIED NEWTON DAMAGE SOLVER
Nodes = 3933 | Elements = 18927 | Increments = 900
Live damage threshold: omega >= 0.0050
Saved PNG damage threshold: omega >= 0.9500
Precomputing vectorized TET4 B matrices...
Prebuilding global sparse triplet pattern...
Free DOFs = 11414 | Prescribed/fixed DOFs = 385
Extracting faces for damaged-geometry images...
Starting modified Newton solver...
inc    1/ 900 | it= 3 | relres=4.37e-11 | maxD=0.0000 | Nlive(omega>=0.005)=0 | Nfull(omega>=0.950)=0 | hOliver(mean)=7.559e+00 | Ps=1.461e+02 | P=7.340e+02
inc   20/ 900 | it=18 | relres=1.03e-08 | maxD=0.8937 | Nlive(omega>=0.005)=141 | Nfull(omega>=0.950)=0 | hOliver(mean)=7.553e+00 | Ps=2.894e+03 | P=1.422e+04
Rejected trial at target 0.0244444444, residual 1.000e+00; bisecting target.
Rejected trial at target 0.0266666667, residual 1.000e+00; bisecting target.
Rejected trial at target 0.0288888889, residual 2.766e-03; bisecting target.
Rejected trial at target 0.03, residual 9.283e-01; bisecting target.
Rejected trial at target 0.0311111111, residual 1.531e-01; bisecting target.
Rejected trial at target 0.0355555556, residual 9.075e-03; bisecting target.
Rejected trial at target 0.0366666667, residual 1.000e+00; bisecting target.
inc   40/ 900 | it= 6 | relres=1.38e-07 | maxD=0.9813 | Nlive(omega>=0.005)=1100 | Nfull(omega>=0.950)=84 | hOliver(mean)=7.535e+00 | Ps=4.052e+03 | P=1.743e+04
Rejected trial at target 0.04, residual 1.000e+00; bisecting target.
Rejected trial at target 0.0422222222, residual 1.000e+00; bisecting target.
Rejected trial at target 0.0433333333, residual 1.000e+00; bisecting target.
Rejected trial at target 0.0444444444, residual 2.948e-02; bisecting target.
Rejected trial at target 0.0466666667, residual 1.000e+00; bisecting target.
Rejected trial at target 0.0477777778, residual 1.000e+00; bisecting target.
Rejected trial at target 0.0522222222, residual 1.000e+00; bisecting target.
inc   60/ 900 | it=10 | relres=2.15e-07 | maxD=0.9958 | Nlive(omega>=0.005)=1336 | Nfull(omega>=0.950)=733 | hOliver(mean)=7.511e+00 | Ps=3.921e+03 | P=1.187e+04
Rejected trial at target 0.0544444444, residual 1.000e+00; bisecting target.
Rejected trial at target 0.0555555556, residual 1.000e+00; bisecting target.
Rejected trial at target 0.0566666667, residual 1.000e+00; bisecting target.
Rejected trial at target 0.0588888889, residual 1.000e+00; bisecting target.
Rejected trial at target 0.06, residual 9.957e-01; bisecting target.
Rejected trial at target 0.0633333333, residual 1.000e+00; bisecting target.
Rejected trial at target 0.0655555556, residual 3.399e-03; bisecting target.
Rejected trial at target 0.065, residual 1.193e-03; bisecting target.
Rejected trial at target 0.0647222222, residual 5.126e-04; bisecting target.
Rejected trial at target 0.0647222222, residual 4.282e-04; bisecting target.
Rejected trial at target 0.0646527778, residual 2.194e-04; bisecting target.
Rejected trial at target 0.0646180556, residual 1.113e-04; bisecting target.
Rejected trial at target 0.0646006944, residual 5.725e-05; bisecting target.
Rejected trial at target 0.0645920139, residual 2.905e-05; bisecting target.
Rejected trial at target 0.0645876736, residual 1.412e-05; bisecting target.
Rejected trial at target 0.0645855035, residual 7.156e-06; bisecting target.
Rejected trial at target 0.0645844184, residual 3.551e-06; bisecting target.
Rejected trial at target 0.0645838759, residual 1.748e-06; bisecting target.
inc   80/ 900 | it= 4 | relres=9.25e-07 | maxD=0.9981 | Nlive(omega>=0.005)=1410 | Nfull(omega>=0.950)=818 | hOliver(mean)=7.490e+00 | Ps=4.047e+03 | P=9.331e+03
Rejected trial at target 0.0645838759, residual 1.908e-06; bisecting target.
Rejected trial at target 0.0645837402, residual 1.355e-06; bisecting target.
{Error using damage_static (line 365)
Target bisection exhausted at accepted increment 81, target 0.0645837402, residual 1.334e-06

Error in run_case (line 8)
damage_static('Job-1',opts);
^^^^^^^^^^^^^^^^^^^^^^^^^^^
} 
ERROR: MATLAB error Exit Status: 0x00000001
