==== MATLAB CDM 3PB solver: vectorized sequential secant update ====
  mesh: 12767 nodes, 25042 CPS3 elements, 25534 DOFs
  step    u(mm)   load(kN)    CMOD(mm)   dmax    iter
     1   0.0001      0.010     0.00002   0.000     2
     2   0.0001      0.019     0.00005   0.000     2
     3   0.0002      0.029     0.00007   0.000     2
   100   0.0050      0.962     0.00232   0.487     2
   200   0.0100      1.878     0.00493   0.891     2
   300   0.0150      2.690     0.00817   0.955     2
   400   0.0200      3.368     0.01215   0.978     2
   500   0.0250      3.873     0.01704   0.991     2
   600   0.0300      4.111     0.02329   0.997     2
   700   0.0350      4.038     0.03112   0.999     2
   800   0.0400      3.677     0.04046   0.999     2
   900   0.0450      3.156     0.05075   1.000     2
  1000   0.0500      2.633     0.06123   1.000     2
  1100   0.0550      2.186     0.07148   1.000     2
  1200   0.0600      1.822     0.08142   1.000     2
  1300   0.0650      1.532     0.09104   1.000     2
  1400   0.0700      1.304     0.10040   1.000     2
  1500   0.0750      1.121     0.10955   1.000     2
  1600   0.0800      0.973     0.11853   1.000     2
  1700   0.0850      0.851     0.12739   1.000     2
  1800   0.0900      0.751     0.13614   1.000     2
  1900   0.0950      0.668     0.14481   1.000     2
  2000   0.1000      0.599     0.15340   1.000     2
  wrote C:\Users\jmavani\Documents\FRACMATH_comparison_extension_20261005\medium\matlab_area\matlab_load_cmod.csv
  wrote C:\Users\jmavani\Documents\FRACMATH_comparison_extension_20261005\medium\matlab_area\matlab_oliver_bandwidth_history.csv
  wrote C:\Users\jmavani\Documents\FRACMATH_comparison_extension_20261005\medium\matlab_area\matlab_step_diagnostics.csv
  wrote C:\Users\jmavani\Documents\FRACMATH_comparison_extension_20261005\medium\matlab_area\matlab_timing.txt

==== summary ====
  peak load : 4122.74 N at CMOD = 0.0252 mm
  wall-clock: 260.5 s  (asm 50.3, dam 6.8, solve 26.8)
  allocated memory delta: 80.1 MB
  output -> C:\Users\jmavani\Documents\FRACMATH_comparison_extension_20261005\medium\matlab_area/
