==== MATLAB CDM 3PB solver: vectorized sequential secant update ====
  mesh: 7343 nodes, 14313 CPS3 elements, 14686 DOFs
  step    u(mm)   load(kN)    CMOD(mm)   dmax    iter
     1   0.0001      0.010     0.00002   0.000     2
     2   0.0001      0.020     0.00005   0.000     2
     3   0.0002      0.029     0.00007   0.000     2
   100   0.0050      0.976     0.00233   0.309     2
   200   0.0100      1.922     0.00486   0.796     2
   300   0.0150      2.789     0.00786   0.911     2
   400   0.0200      3.544     0.01149   0.953     2
   500   0.0250      4.161     0.01584   0.980     2
   600   0.0300      4.583     0.02117   0.992     2
   700   0.0350      4.763     0.02771   0.996     2
   800   0.0400      4.679     0.03556   0.998     2
   900   0.0450      4.311     0.04486   0.999     2
  1000   0.0500      3.802     0.05499   0.999     2
  1100   0.0550      3.336     0.06504   1.000     2
  1200   0.0600      2.887     0.07515   1.000     2
  1300   0.0650      2.486     0.08514   1.000     2
  1400   0.0700      2.149     0.09489   1.000     2
  1500   0.0750      1.869     0.10442   1.000     2
  1600   0.0800      1.637     0.11374   1.000     2
  1700   0.0850      1.443     0.12291   1.000     2
  1800   0.0900      1.280     0.13192   1.000     2
  1900   0.0950      1.144     0.14083   1.000     2
  2000   0.1000      1.027     0.14964   1.000     2
  wrote C:\Users\jmavani\Documents\FRACMATH_energy_driver_20261006\runs\smooth_rankine_stress\matlab_load_cmod.csv
  wrote C:\Users\jmavani\Documents\FRACMATH_energy_driver_20261006\runs\smooth_rankine_stress\matlab_oliver_bandwidth_history.csv
  wrote C:\Users\jmavani\Documents\FRACMATH_energy_driver_20261006\runs\smooth_rankine_stress\matlab_step_diagnostics.csv
  wrote C:\Users\jmavani\Documents\FRACMATH_energy_driver_20261006\runs\smooth_rankine_stress\matlab_timing.txt

==== summary ====
  peak load : 4772.79 N at CMOD = 0.0292 mm
  wall-clock: 129.5 s  (asm 25.4, dam 3.1, solve 11.9)
  allocated memory delta: 99.4 MB
  output -> C:\Users\jmavani\Documents\FRACMATH_energy_driver_20261006\runs\smooth_rankine_stress/
